// Jest Snapshot v1, https://goo.gl/fbAQLP

exports[`Movie Module (GET) /producer/intervals 1`] = `
[
  {
    "max": [],
    "min": [],
  },
]
`;
